(null): No such file or directory
(null): No such file or directory
  bf16     step    0 loss 191.0000
  bf16     step   25 loss 31.6250
  bf16     step   50 loss 27.1250
  bf16     step   75 loss 18.8750
  bf16     step  100 loss 15.8750
  bf16     step  125 loss 15.6250
  bf16     step  150 loss 15.6875
  bf16     step  175 loss 12.0625
  bf16     step  200 loss 14.0625
  bf16     step  225 loss 14.1250
  bf16     step  250 loss 10.9375
  bf16     step  275 loss 10.3750
emulated convs: 12 + 15 (VGG)
  npu-emul step    0 loss 191.0000
  npu-emul step   25 loss 31.6250
  npu-emul step   50 loss 27.1250
  npu-emul step   75 loss 18.7500
  npu-emul step  100 loss 15.8750
  npu-emul step  125 loss 15.5000
  npu-emul step  150 loss 15.6875
  npu-emul step  175 loss 12.0625
  npu-emul step  200 loss 14.0625
  npu-emul step  225 loss 14.1250
  npu-emul step  250 loss 11.1875
  npu-emul step  275 loss 10.5000

window    bf16 mean   npu-emul mean   rel gap
   0-  25    51.6100     51.6400       +0.06%
  25-  50    28.1500     28.1550       +0.02%
  50-  75    24.1850     24.1450       -0.17%
  75- 100    19.7650     19.7300       -0.18%
 100- 125    18.1550     18.1450       -0.06%
 125- 150    15.9700     15.9750       +0.03%
 150- 175    16.1625     16.1700       +0.05%
 175- 200    15.2600     15.2750       +0.10%
 200- 225    14.0825     14.0675       -0.11%
 225- 250    14.3625     14.3600       -0.02%
 250- 275    13.4800     13.7675       +2.13%
 275- 300    13.0750     13.1575       +0.63%
